../Core/Src/main.c:141:9:make_complex	72	static
../Core/Src/main.c:147:9:add_complex	80	static
../Core/Src/main.c:150:9:sub_complex	80	static
../Core/Src/main.c:153:9:mul_complex	88	static
../Core/Src/main.c:159:9:twiddle_factor	72	static
../Core/Src/main.c:163:6:fft	112	dynamic
../Core/Src/main.c:183:6:inttocomplex	32	static
../Core/Src/main.c:189:6:Set_Colors_Ranges	24	static
../Core/Src/main.c:203:6:Set_Colors_Ranges_Gradient	24	static
../Core/Src/main.c:216:6:Set_LED	16	static
../Core/Src/main.c:222:6:Set_All_LED	16	static
../Core/Src/main.c:228:6:SetLEDStartToEnd	24	static
../Core/Src/main.c:235:6:SetLEDEndToStart	24	static
../Core/Src/main.c:243:6:RESET_LED	16	static
../Core/Src/main.c:248:6:RESET_LED_START_TO_END	24	static
../Core/Src/main.c:255:6:RESET_LED_END_TO_START	24	static
../Core/Src/main.c:262:6:RESET_ALL_LED	16	static
../Core/Src/main.c:267:6:Init_Raibow_LED	32	static
../Core/Src/main.c:301:6:Set_Brightness	24	static
../Core/Src/main.c:317:6:WS2812_Send	32	static
../Core/Src/main.c:349:6:HAL_TIM_PWM_PulseFinishedCallback	16	static
../Core/Src/main.c:355:6:Fade_in	24	static
../Core/Src/main.c:364:6:Fade_out	24	static
../Core/Src/main.c:373:6:colors1	24	static
../Core/Src/main.c:376:6:colors2	16	static
../Core/Src/main.c:381:6:colors3	24	static
../Core/Src/main.c:386:6:colors4	16	static
../Core/Src/main.c:389:6:colors5	24	static
../Core/Src/main.c:392:6:mode1	24	static
../Core/Src/main.c:397:6:mode2	24	static
../Core/Src/main.c:415:6:mode3	24	static
../Core/Src/main.c:437:6:mode4_effect1	24	static
../Core/Src/main.c:450:6:mode4_effect2	24	static
../Core/Src/main.c:464:6:mode4_effect3	24	static
../Core/Src/main.c:478:6:mode5_effect1	24	static
../Core/Src/main.c:491:6:mode5_effect2	24	static
../Core/Src/main.c:503:6:mode5_effect3	24	static
../Core/Src/main.c:514:6:mode6	32	static
../Core/Src/main.c:539:6:mode7_effect1	24	static
../Core/Src/main.c:561:6:mode7_effect2	24	static
../Core/Src/main.c:584:6:mode8_effect1	24	static
../Core/Src/main.c:601:6:mode8_effect2	24	static
../Core/Src/main.c:619:6:mode9_effect1	24	static
../Core/Src/main.c:635:6:mode9_effect2	24	static
../Core/Src/main.c:651:6:mode9_effect3	24	static
../Core/Src/main.c:667:6:mode10	24	static
../Core/Src/main.c:689:6:mode11	32	static
../Core/Src/main.c:709:6:FreqAnalyze	48	static
../Core/Src/main.c:823:6:HAL_ADC_ConvCpltCallback	32	static
../Core/Src/main.c:878:6:HAL_GPIO_EXTI_Callback	16	static
../Core/Src/main.c:928:5:main	24	static
../Core/Src/main.c:983:6:SystemClock_Config	88	static
../Core/Src/main.c:1029:13:MX_ADC1_Init	24	static
../Core/Src/main.c:1081:13:MX_TIM1_Init	96	static
../Core/Src/main.c:1156:13:MX_USART1_UART_Init	8	static
../Core/Src/main.c:1187:13:MX_DMA_Init	16	static
../Core/Src/main.c:1208:13:MX_GPIO_Init	56	static
../Core/Src/main.c:1264:6:Error_Handler	4	static,ignoring_inline_asm
